. 'boo\n'
  a------

. "boo\nbooboo"
  -------------

. "boo\nbooboobiibaauu"
  ---------------------
